// Jest Snapshot v1, https://goo.gl/fbAQLP

exports[`Provider renders expected snapshots 1`] = `
<div>
    <div class="a b c d e f"></div>
</div>
`;

exports[`Provider renders expected snapshots 2`] = `
<main>
    <div class="a b c d e f"></div>
</main>
`;
