// Jest Snapshot v1, https://goo.gl/fbAQLP

exports[`renderRule(renderer, rule, props) renders expected snapshot 1`] = `"a b c"`;
